// Jest Snapshot v1, https://goo.gl/fbAQLP

exports[`matches snapshot 1`] = `
<DocumentFragment>
  <div
    class="Carousel"
    data-testid="carousel-container"
  >
    <h1>
      testing title
    </h1>
    <div
      class="Carousel-main"
    >
      <i
        class="bi bi-arrow-left-circle"
        data-testid="arrow-left"
        hidden=""
      />
      <div
        class="Card"
      >
        <h4
          class="Card-title"
        >
          testing image 1
        </h4>
        <img
          alt="testing image 1"
          class="Card-image"
          src="test1.com"
        />
        <small
          class="Card-small"
        >
          Image 1 of 3.
        </small>
      </div>
      <i
        class="bi bi-arrow-right-circle"
        data-testid="arrow-right"
      />
    </div>
  </div>
</DocumentFragment>
`;
